// Jest Snapshot v1, https://goo.gl/fbAQLP

exports[`<TenantCard></TenantCard> Se debe cargar el componente 1`] = `ShallowWrapper {}`;
