// Jest Snapshot v1, https://goo.gl/fbAQLP

exports[`<TenantDetail/> Se debe cargar el componente 1`] = `ShallowWrapper {}`;
